[2023-10-26T10:09:56.351+0000][0.020s] Using G1
[2023-10-26T10:09:56.717+0000][0.386s] Version: 17.0.8.1+1 (release)
[2023-10-26T10:09:56.717+0000][0.386s] CPUs: 8 total, 8 available
[2023-10-26T10:09:56.717+0000][0.386s] Memory: 6189M
[2023-10-26T10:09:56.718+0000][0.386s] Large Page Support: Disabled
[2023-10-26T10:09:56.718+0000][0.387s] NUMA Support: Disabled
[2023-10-26T10:09:56.718+0000][0.387s] Compressed Oops: Enabled (32-bit)
[2023-10-26T10:09:56.718+0000][0.387s] Heap Region Size: 1M
[2023-10-26T10:09:56.718+0000][0.387s] Heap Min Capacity: 2G
[2023-10-26T10:09:56.719+0000][0.387s] Heap Initial Capacity: 2G
[2023-10-26T10:09:56.719+0000][0.388s] Heap Max Capacity: 2G
[2023-10-26T10:09:56.719+0000][0.388s] Pre-touch: Enabled
[2023-10-26T10:09:56.719+0000][0.388s] Parallel Workers: 8
[2023-10-26T10:09:56.719+0000][0.388s] Concurrent Workers: 2
[2023-10-26T10:09:56.720+0000][0.388s] Concurrent Refinement Workers: 8
[2023-10-26T10:09:56.720+0000][0.389s] Periodic GC: Disabled
[2023-10-26T10:09:56.740+0000][0.409s] CDS archive(s) mapped at: [0x00007f479b000000-0x00007f479ba84000-0x00007f479ba84000), size 11026432, SharedBaseAddress: 0x00007f479b000000, ArchiveRelocationMode: 1.
[2023-10-26T10:09:56.740+0000][0.409s] Compressed class space mapped at: 0x00007f479c000000-0x00007f47dc000000, reserved size: 1073741824
[2023-10-26T10:09:56.740+0000][0.409s] Narrow klass base: 0x00007f479b000000, Narrow klass shift: 0, Narrow klass range: 0x100000000
[2023-10-26T10:09:58.760+0000][2.429s] GC(0) Pause Young (Normal) (G1 Evacuation Pause)
[2023-10-26T10:09:58.760+0000][2.429s] GC(0) Using 8 workers of 8 for evacuation
[2023-10-26T10:09:58.771+0000][2.440s] GC(0)   Pre Evacuate Collection Set: 0.3ms
[2023-10-26T10:09:58.772+0000][2.440s] GC(0)   Merge Heap Roots: 0.3ms
[2023-10-26T10:09:58.772+0000][2.441s] GC(0)   Evacuate Collection Set: 8.5ms
[2023-10-26T10:09:58.772+0000][2.441s] GC(0)   Post Evacuate Collection Set: 1.7ms
[2023-10-26T10:09:58.772+0000][2.441s] GC(0)   Other: 0.7ms
[2023-10-26T10:09:58.772+0000][2.441s] GC(0) Eden regions: 102->0(89)
[2023-10-26T10:09:58.772+0000][2.441s] GC(0) Survivor regions: 0->13(13)
[2023-10-26T10:09:58.773+0000][2.442s] GC(0) Old regions: 0->5
[2023-10-26T10:09:58.773+0000][2.442s] GC(0) Archive regions: 2->2
[2023-10-26T10:09:58.773+0000][2.442s] GC(0) Humongous regions: 4->4
[2023-10-26T10:09:58.773+0000][2.442s] GC(0) Metaspace: 18970K(19264K)->18970K(19264K) NonClass: 16642K(16768K)->16642K(16768K) Class: 2327K(2496K)->2327K(2496K)
[2023-10-26T10:09:58.773+0000][2.442s] GC(0) Pause Young (Normal) (G1 Evacuation Pause) 106M->22M(2048M) 13.593ms
[2023-10-26T10:09:58.774+0000][2.443s] GC(0) User=0.08s Sys=0.00s Real=0.01s
[2023-10-26T10:09:59.050+0000][2.719s] GC(1) Pause Young (Concurrent Start) (Metadata GC Threshold)
[2023-10-26T10:09:59.051+0000][2.720s] GC(1) Using 8 workers of 8 for evacuation
[2023-10-26T10:09:59.059+0000][2.728s] GC(1)   Pre Evacuate Collection Set: 0.3ms
[2023-10-26T10:09:59.059+0000][2.728s] GC(1)   Merge Heap Roots: 0.2ms
[2023-10-26T10:09:59.059+0000][2.728s] GC(1)   Evacuate Collection Set: 6.2ms
[2023-10-26T10:09:59.060+0000][2.729s] GC(1)   Post Evacuate Collection Set: 1.1ms
[2023-10-26T10:09:59.060+0000][2.729s] GC(1)   Other: 0.7ms
[2023-10-26T10:09:59.060+0000][2.729s] GC(1) Eden regions: 14->0(125)
[2023-10-26T10:09:59.060+0000][2.729s] GC(1) Survivor regions: 13->2(13)
[2023-10-26T10:09:59.061+0000][2.729s] GC(1) Old regions: 5->19
[2023-10-26T10:09:59.061+0000][2.730s] GC(1) Archive regions: 2->2
[2023-10-26T10:09:59.061+0000][2.730s] GC(1) Humongous regions: 5->5
[2023-10-26T10:09:59.061+0000][2.730s] GC(1) Metaspace: 21207K(21504K)->21207K(21504K) NonClass: 18604K(18752K)->18604K(18752K) Class: 2603K(2752K)->2603K(2752K)
[2023-10-26T10:09:59.061+0000][2.730s] GC(1) Pause Young (Concurrent Start) (Metadata GC Threshold) 37M->25M(2048M) 11.001ms
[2023-10-26T10:09:59.062+0000][2.730s] GC(1) User=0.05s Sys=0.00s Real=0.01s
[2023-10-26T10:09:59.062+0000][2.731s] GC(2) Concurrent Mark Cycle
[2023-10-26T10:09:59.062+0000][2.731s] GC(2) Concurrent Clear Claimed Marks
[2023-10-26T10:09:59.062+0000][2.731s] GC(2) Concurrent Clear Claimed Marks 0.311ms
[2023-10-26T10:09:59.063+0000][2.731s] GC(2) Concurrent Scan Root Regions
[2023-10-26T10:09:59.067+0000][2.736s] GC(2) Concurrent Scan Root Regions 4.398ms
[2023-10-26T10:09:59.067+0000][2.736s] GC(2) Concurrent Mark
[2023-10-26T10:09:59.068+0000][2.737s] GC(2) Concurrent Mark From Roots
[2023-10-26T10:09:59.068+0000][2.737s] GC(2) Using 2 workers of 2 for marking
[2023-10-26T10:09:59.078+0000][2.747s] GC(2) Concurrent Mark From Roots 10.167ms
[2023-10-26T10:09:59.078+0000][2.747s] GC(2) Concurrent Preclean
[2023-10-26T10:09:59.079+0000][2.747s] GC(2) Concurrent Preclean 0.358ms
[2023-10-26T10:09:59.079+0000][2.748s] GC(2) Pause Remark
[2023-10-26T10:09:59.082+0000][2.751s] GC(2) Pause Remark 26M->26M(2048M) 3.083ms
[2023-10-26T10:09:59.083+0000][2.751s] GC(2) User=0.01s Sys=0.00s Real=0.00s
[2023-10-26T10:09:59.083+0000][2.752s] GC(2) Concurrent Mark 15.540ms
[2023-10-26T10:09:59.083+0000][2.752s] GC(2) Concurrent Rebuild Remembered Sets
[2023-10-26T10:09:59.091+0000][2.760s] GC(2) Concurrent Rebuild Remembered Sets 8.230ms
[2023-10-26T10:09:59.092+0000][2.761s] GC(2) Pause Cleanup
[2023-10-26T10:09:59.093+0000][2.762s] GC(2) Pause Cleanup 27M->27M(2048M) 0.682ms
[2023-10-26T10:09:59.093+0000][2.762s] GC(2) User=0.00s Sys=0.00s Real=0.00s
[2023-10-26T10:09:59.093+0000][2.762s] GC(2) Concurrent Cleanup for Next Mark
[2023-10-26T10:09:59.097+0000][2.765s] GC(2) Concurrent Cleanup for Next Mark 3.297ms
[2023-10-26T10:09:59.097+0000][2.766s] GC(2) Concurrent Mark Cycle 35.175ms
[2023-10-26T10:10:00.570+0000][4.238s] GC(3) Pause Young (Concurrent Start) (Metadata GC Threshold)
[2023-10-26T10:10:00.570+0000][4.239s] GC(3) Using 8 workers of 8 for evacuation
[2023-10-26T10:10:00.578+0000][4.247s] GC(3)   Pre Evacuate Collection Set: 0.4ms
[2023-10-26T10:10:00.578+0000][4.247s] GC(3)   Merge Heap Roots: 0.2ms
[2023-10-26T10:10:00.579+0000][4.248s] GC(3)   Evacuate Collection Set: 5.1ms
[2023-10-26T10:10:00.579+0000][4.248s] GC(3)   Post Evacuate Collection Set: 1.8ms
[2023-10-26T10:10:00.579+0000][4.248s] GC(3)   Other: 1.0ms
[2023-10-26T10:10:00.580+0000][4.248s] GC(3) Eden regions: 91->0(118)
[2023-10-26T10:10:00.580+0000][4.249s] GC(3) Survivor regions: 2->8(16)
[2023-10-26T10:10:00.580+0000][4.249s] GC(3) Old regions: 19->19
[2023-10-26T10:10:00.581+0000][4.249s] GC(3) Archive regions: 2->2
[2023-10-26T10:10:00.581+0000][4.250s] GC(3) Humongous regions: 5->4
[2023-10-26T10:10:00.581+0000][4.250s] GC(3) Metaspace: 35623K(35968K)->35623K(35968K) NonClass: 31140K(31296K)->31140K(31296K) Class: 4483K(4672K)->4483K(4672K)
[2023-10-26T10:10:00.581+0000][4.250s] GC(3) Pause Young (Concurrent Start) (Metadata GC Threshold) 116M->30M(2048M) 11.783ms
[2023-10-26T10:10:00.582+0000][4.251s] GC(3) User=0.03s Sys=0.02s Real=0.01s
[2023-10-26T10:10:00.582+0000][4.251s] GC(4) Concurrent Mark Cycle
[2023-10-26T10:10:00.582+0000][4.251s] GC(4) Concurrent Clear Claimed Marks
[2023-10-26T10:10:00.582+0000][4.251s] GC(4) Concurrent Clear Claimed Marks 0.254ms
[2023-10-26T10:10:00.583+0000][4.252s] GC(4) Concurrent Scan Root Regions
[2023-10-26T10:10:00.587+0000][4.256s] GC(4) Concurrent Scan Root Regions 4.003ms
[2023-10-26T10:10:00.587+0000][4.256s] GC(4) Concurrent Mark
[2023-10-26T10:10:00.587+0000][4.256s] GC(4) Concurrent Mark From Roots
[2023-10-26T10:10:00.588+0000][4.256s] GC(4) Using 2 workers of 2 for marking
[2023-10-26T10:10:00.611+0000][4.280s] GC(4) Concurrent Mark From Roots 23.743ms
[2023-10-26T10:10:00.611+0000][4.280s] GC(4) Concurrent Preclean
[2023-10-26T10:10:00.612+0000][4.281s] GC(4) Concurrent Preclean 0.470ms
[2023-10-26T10:10:00.613+0000][4.282s] GC(4) Pause Remark
[2023-10-26T10:10:00.616+0000][4.285s] GC(4) Pause Remark 32M->32M(2048M) 3.809ms
[2023-10-26T10:10:00.617+0000][4.286s] GC(4) User=0.02s Sys=0.01s Real=0.01s
[2023-10-26T10:10:00.617+0000][4.286s] GC(4) Concurrent Mark 30.187ms
[2023-10-26T10:10:00.618+0000][4.286s] GC(4) Concurrent Rebuild Remembered Sets
[2023-10-26T10:10:00.627+0000][4.295s] GC(4) Concurrent Rebuild Remembered Sets 9.025ms
[2023-10-26T10:10:00.627+0000][4.296s] GC(4) Pause Cleanup
[2023-10-26T10:10:00.628+0000][4.297s] GC(4) Pause Cleanup 32M->32M(2048M) 0.761ms
[2023-10-26T10:10:00.629+0000][4.297s] GC(4) User=0.00s Sys=0.00s Real=0.00s
[2023-10-26T10:10:00.629+0000][4.298s] GC(4) Concurrent Cleanup for Next Mark
[2023-10-26T10:10:00.632+0000][4.301s] GC(4) Concurrent Cleanup for Next Mark 3.485ms
[2023-10-26T10:10:00.633+0000][4.302s] GC(4) Concurrent Mark Cycle 50.840ms
[2023-10-26T10:10:12.867+0000][16.535s] Heap
[2023-10-26T10:10:12.867+0000][16.536s]  garbage-first heap   total 2097152K, used 78392K [0x0000000080000000, 0x0000000100000000)
[2023-10-26T10:10:12.867+0000][16.536s]   region size 1024K, 55 young (56320K), 8 survivors (8192K)
[2023-10-26T10:10:12.867+0000][16.536s]  Metaspace       used 40362K, committed 40768K, reserved 1114112K
[2023-10-26T10:10:12.868+0000][16.537s]   class space    used 5176K, committed 5376K, reserved 1048576K
