[2023-10-27T11:23:35.712+0000][0.011s] Using G1
[2023-10-27T11:23:36.096+0000][0.395s] Version: 17.0.8.1+1 (release)
[2023-10-27T11:23:36.096+0000][0.396s] CPUs: 8 total, 8 available
[2023-10-27T11:23:36.097+0000][0.396s] Memory: 12604M
[2023-10-27T11:23:36.097+0000][0.396s] Large Page Support: Disabled
[2023-10-27T11:23:36.098+0000][0.397s] NUMA Support: Disabled
[2023-10-27T11:23:36.098+0000][0.397s] Compressed Oops: Enabled (32-bit)
[2023-10-27T11:23:36.098+0000][0.397s] Heap Region Size: 1M
[2023-10-27T11:23:36.098+0000][0.397s] Heap Min Capacity: 2G
[2023-10-27T11:23:36.098+0000][0.397s] Heap Initial Capacity: 2G
[2023-10-27T11:23:36.098+0000][0.397s] Heap Max Capacity: 2G
[2023-10-27T11:23:36.099+0000][0.398s] Pre-touch: Enabled
[2023-10-27T11:23:36.099+0000][0.398s] Parallel Workers: 8
[2023-10-27T11:23:36.099+0000][0.398s] Concurrent Workers: 2
[2023-10-27T11:23:36.099+0000][0.398s] Concurrent Refinement Workers: 8
[2023-10-27T11:23:36.099+0000][0.398s] Periodic GC: Disabled
[2023-10-27T11:23:36.108+0000][0.407s] CDS archive(s) mapped at: [0x00007fd43b000000-0x00007fd43ba84000-0x00007fd43ba84000), size 11026432, SharedBaseAddress: 0x00007fd43b000000, ArchiveRelocationMode: 1.
[2023-10-27T11:23:36.108+0000][0.407s] Compressed class space mapped at: 0x00007fd43c000000-0x00007fd47c000000, reserved size: 1073741824
[2023-10-27T11:23:36.109+0000][0.408s] Narrow klass base: 0x00007fd43b000000, Narrow klass shift: 0, Narrow klass range: 0x100000000
[2023-10-27T11:23:37.359+0000][1.658s] GC(0) Pause Young (Normal) (G1 Evacuation Pause)
[2023-10-27T11:23:37.359+0000][1.658s] GC(0) Using 8 workers of 8 for evacuation
[2023-10-27T11:23:37.369+0000][1.668s] GC(0)   Pre Evacuate Collection Set: 0.3ms
[2023-10-27T11:23:37.369+0000][1.668s] GC(0)   Merge Heap Roots: 0.2ms
[2023-10-27T11:23:37.369+0000][1.668s] GC(0)   Evacuate Collection Set: 7.5ms
[2023-10-27T11:23:37.369+0000][1.668s] GC(0)   Post Evacuate Collection Set: 1.5ms
[2023-10-27T11:23:37.369+0000][1.668s] GC(0)   Other: 0.5ms
[2023-10-27T11:23:37.369+0000][1.668s] GC(0) Eden regions: 102->0(89)
[2023-10-27T11:23:37.369+0000][1.668s] GC(0) Survivor regions: 0->13(13)
[2023-10-27T11:23:37.370+0000][1.669s] GC(0) Old regions: 0->5
[2023-10-27T11:23:37.370+0000][1.669s] GC(0) Archive regions: 2->2
[2023-10-27T11:23:37.370+0000][1.669s] GC(0) Humongous regions: 4->4
[2023-10-27T11:23:37.370+0000][1.669s] GC(0) Metaspace: 18819K(19200K)->18819K(19200K) NonClass: 16508K(16704K)->16508K(16704K) Class: 2310K(2496K)->2310K(2496K)
[2023-10-27T11:23:37.370+0000][1.669s] GC(0) Pause Young (Normal) (G1 Evacuation Pause) 106M->22M(2048M) 11.359ms
[2023-10-27T11:23:37.370+0000][1.669s] GC(0) User=0.09s Sys=0.01s Real=0.02s
[2023-10-27T11:23:37.525+0000][1.824s] GC(1) Pause Young (Concurrent Start) (Metadata GC Threshold)
[2023-10-27T11:23:37.525+0000][1.824s] GC(1) Using 8 workers of 8 for evacuation
[2023-10-27T11:23:37.531+0000][1.830s] GC(1)   Pre Evacuate Collection Set: 0.2ms
[2023-10-27T11:23:37.531+0000][1.830s] GC(1)   Merge Heap Roots: 0.1ms
[2023-10-27T11:23:37.531+0000][1.830s] GC(1)   Evacuate Collection Set: 4.5ms
[2023-10-27T11:23:37.532+0000][1.831s] GC(1)   Post Evacuate Collection Set: 0.6ms
[2023-10-27T11:23:37.532+0000][1.831s] GC(1)   Other: 0.5ms
[2023-10-27T11:23:37.532+0000][1.831s] GC(1) Eden regions: 14->0(117)
[2023-10-27T11:23:37.532+0000][1.831s] GC(1) Survivor regions: 13->2(13)
[2023-10-27T11:23:37.532+0000][1.831s] GC(1) Old regions: 5->19
[2023-10-27T11:23:37.532+0000][1.831s] GC(1) Archive regions: 2->2
[2023-10-27T11:23:37.532+0000][1.831s] GC(1) Humongous regions: 5->5
[2023-10-27T11:23:37.533+0000][1.832s] GC(1) Metaspace: 21178K(21504K)->21178K(21504K) NonClass: 18574K(18752K)->18574K(18752K) Class: 2603K(2752K)->2603K(2752K)
[2023-10-27T11:23:37.533+0000][1.832s] GC(1) Pause Young (Concurrent Start) (Metadata GC Threshold) 37M->25M(2048M) 7.649ms
[2023-10-27T11:23:37.533+0000][1.832s] GC(1) User=0.04s Sys=0.00s Real=0.01s
[2023-10-27T11:23:37.533+0000][1.832s] GC(2) Concurrent Mark Cycle
[2023-10-27T11:23:37.533+0000][1.832s] GC(2) Concurrent Clear Claimed Marks
[2023-10-27T11:23:37.533+0000][1.832s] GC(2) Concurrent Clear Claimed Marks 0.200ms
[2023-10-27T11:23:37.533+0000][1.832s] GC(2) Concurrent Scan Root Regions
[2023-10-27T11:23:37.536+0000][1.835s] GC(2) Concurrent Scan Root Regions 2.125ms
[2023-10-27T11:23:37.536+0000][1.835s] GC(2) Concurrent Mark
[2023-10-27T11:23:37.536+0000][1.835s] GC(2) Concurrent Mark From Roots
[2023-10-27T11:23:37.536+0000][1.835s] GC(2) Using 2 workers of 2 for marking
[2023-10-27T11:23:37.541+0000][1.840s] GC(2) Concurrent Mark From Roots 4.786ms
[2023-10-27T11:23:37.541+0000][1.840s] GC(2) Concurrent Preclean
[2023-10-27T11:23:37.541+0000][1.840s] GC(2) Concurrent Preclean 0.152ms
[2023-10-27T11:23:37.542+0000][1.841s] GC(2) Pause Remark
[2023-10-27T11:23:37.544+0000][1.843s] GC(2) Pause Remark 27M->27M(2048M) 1.984ms
[2023-10-27T11:23:37.544+0000][1.843s] GC(2) User=0.00s Sys=0.00s Real=0.00s
[2023-10-27T11:23:37.544+0000][1.843s] GC(2) Concurrent Mark 8.325ms
[2023-10-27T11:23:37.544+0000][1.843s] GC(2) Concurrent Rebuild Remembered Sets
[2023-10-27T11:23:37.548+0000][1.847s] GC(2) Concurrent Rebuild Remembered Sets 3.960ms
[2023-10-27T11:23:37.549+0000][1.848s] GC(2) Pause Cleanup
[2023-10-27T11:23:37.549+0000][1.848s] GC(2) Pause Cleanup 27M->27M(2048M) 0.546ms
[2023-10-27T11:23:37.549+0000][1.848s] GC(2) User=0.01s Sys=0.00s Real=0.00s
[2023-10-27T11:23:37.550+0000][1.849s] GC(2) Concurrent Cleanup for Next Mark
[2023-10-27T11:23:37.553+0000][1.852s] GC(2) Concurrent Cleanup for Next Mark 3.281ms
[2023-10-27T11:23:37.553+0000][1.852s] GC(2) Concurrent Mark Cycle 20.356ms
[2023-10-27T11:23:38.483+0000][2.782s] GC(3) Pause Young (Concurrent Start) (Metadata GC Threshold)
[2023-10-27T11:23:38.483+0000][2.782s] GC(3) Using 8 workers of 8 for evacuation
[2023-10-27T11:23:38.488+0000][2.787s] GC(3)   Pre Evacuate Collection Set: 0.3ms
[2023-10-27T11:23:38.488+0000][2.787s] GC(3)   Merge Heap Roots: 0.2ms
[2023-10-27T11:23:38.489+0000][2.788s] GC(3)   Evacuate Collection Set: 3.6ms
[2023-10-27T11:23:38.489+0000][2.788s] GC(3)   Post Evacuate Collection Set: 0.9ms
[2023-10-27T11:23:38.489+0000][2.788s] GC(3)   Other: 0.5ms
[2023-10-27T11:23:38.489+0000][2.788s] GC(3) Eden regions: 87->0(114)
[2023-10-27T11:23:38.489+0000][2.788s] GC(3) Survivor regions: 2->8(15)
[2023-10-27T11:23:38.489+0000][2.788s] GC(3) Old regions: 19->19
[2023-10-27T11:23:38.489+0000][2.788s] GC(3) Archive regions: 2->2
[2023-10-27T11:23:38.489+0000][2.788s] GC(3) Humongous regions: 5->4
[2023-10-27T11:23:38.489+0000][2.788s] GC(3) Metaspace: 35636K(35968K)->35636K(35968K) NonClass: 31184K(31360K)->31184K(31360K) Class: 4451K(4608K)->4451K(4608K)
[2023-10-27T11:23:38.490+0000][2.789s] GC(3) Pause Young (Concurrent Start) (Metadata GC Threshold) 112M->30M(2048M) 6.821ms
[2023-10-27T11:23:38.490+0000][2.789s] GC(3) User=0.02s Sys=0.00s Real=0.00s
[2023-10-27T11:23:38.490+0000][2.789s] GC(4) Concurrent Mark Cycle
[2023-10-27T11:23:38.490+0000][2.789s] GC(4) Concurrent Clear Claimed Marks
[2023-10-27T11:23:38.490+0000][2.789s] GC(4) Concurrent Clear Claimed Marks 0.157ms
[2023-10-27T11:23:38.490+0000][2.789s] GC(4) Concurrent Scan Root Regions
[2023-10-27T11:23:38.493+0000][2.792s] GC(4) Concurrent Scan Root Regions 3.081ms
[2023-10-27T11:23:38.493+0000][2.792s] GC(4) Concurrent Mark
[2023-10-27T11:23:38.494+0000][2.793s] GC(4) Concurrent Mark From Roots
[2023-10-27T11:23:38.494+0000][2.793s] GC(4) Using 2 workers of 2 for marking
[2023-10-27T11:23:38.516+0000][2.815s] GC(4) Concurrent Mark From Roots 21.838ms
[2023-10-27T11:23:38.516+0000][2.815s] GC(4) Concurrent Preclean
[2023-10-27T11:23:38.516+0000][2.815s] GC(4) Concurrent Preclean 0.417ms
[2023-10-27T11:23:38.517+0000][2.816s] GC(4) Pause Remark
[2023-10-27T11:23:38.521+0000][2.820s] GC(4) Pause Remark 32M->32M(2048M) 3.428ms
[2023-10-27T11:23:38.521+0000][2.820s] GC(4) User=0.03s Sys=0.00s Real=0.01s
[2023-10-27T11:23:38.521+0000][2.820s] GC(4) Concurrent Mark 27.656ms
[2023-10-27T11:23:38.521+0000][2.820s] GC(4) Concurrent Rebuild Remembered Sets
[2023-10-27T11:23:38.527+0000][2.826s] GC(4) Concurrent Rebuild Remembered Sets 5.245ms
[2023-10-27T11:23:38.527+0000][2.826s] GC(4) Pause Cleanup
[2023-10-27T11:23:38.527+0000][2.826s] GC(4) Pause Cleanup 33M->33M(2048M) 0.486ms
[2023-10-27T11:23:38.528+0000][2.827s] GC(4) User=0.00s Sys=0.00s Real=0.00s
[2023-10-27T11:23:38.528+0000][2.827s] GC(4) Concurrent Cleanup for Next Mark
[2023-10-27T11:23:38.531+0000][2.830s] GC(4) Concurrent Cleanup for Next Mark 3.098ms
[2023-10-27T11:23:38.531+0000][2.830s] GC(4) Concurrent Mark Cycle 41.389ms
[2023-10-27T11:23:39.610+0000][3.909s] GC(5) Pause Young (Concurrent Start) (G1 Evacuation Pause)
[2023-10-27T11:23:39.610+0000][3.909s] GC(5) Using 8 workers of 8 for evacuation
[2023-10-27T11:23:39.624+0000][3.923s] GC(5)   Pre Evacuate Collection Set: 0.3ms
[2023-10-27T11:23:39.624+0000][3.923s] GC(5)   Merge Heap Roots: 0.1ms
[2023-10-27T11:23:39.624+0000][3.923s] GC(5)   Evacuate Collection Set: 11.7ms
[2023-10-27T11:23:39.624+0000][3.923s] GC(5)   Post Evacuate Collection Set: 1.1ms
[2023-10-27T11:23:39.624+0000][3.923s] GC(5)   Other: 0.6ms
[2023-10-27T11:23:39.625+0000][3.924s] GC(5) Eden regions: 114->0(226)
[2023-10-27T11:23:39.625+0000][3.924s] GC(5) Survivor regions: 8->16(16)
[2023-10-27T11:23:39.625+0000][3.924s] GC(5) Old regions: 19->21
[2023-10-27T11:23:39.625+0000][3.924s] GC(5) Archive regions: 2->2
[2023-10-27T11:23:39.625+0000][3.924s] GC(5) Humongous regions: 4->4
[2023-10-27T11:23:39.625+0000][3.924s] GC(5) Metaspace: 47631K(48128K)->47631K(48128K) NonClass: 41602K(41856K)->41602K(41856K) Class: 6029K(6272K)->6029K(6272K)
[2023-10-27T11:23:39.625+0000][3.924s] GC(5) Pause Young (Concurrent Start) (G1 Evacuation Pause) 144M->41M(2048M) 15.617ms
[2023-10-27T11:23:39.626+0000][3.925s] GC(5) User=0.09s Sys=0.03s Real=0.02s
[2023-10-27T11:23:39.626+0000][3.925s] GC(6) Concurrent Mark Cycle
[2023-10-27T11:23:39.626+0000][3.925s] GC(6) Concurrent Clear Claimed Marks
[2023-10-27T11:23:39.626+0000][3.925s] GC(6) Concurrent Clear Claimed Marks 0.141ms
[2023-10-27T11:23:39.626+0000][3.925s] GC(6) Concurrent Scan Root Regions
[2023-10-27T11:23:39.631+0000][3.930s] GC(6) Concurrent Scan Root Regions 5.088ms
[2023-10-27T11:23:39.631+0000][3.930s] GC(6) Concurrent Mark
[2023-10-27T11:23:39.632+0000][3.931s] GC(6) Concurrent Mark From Roots
[2023-10-27T11:23:39.632+0000][3.931s] GC(6) Using 2 workers of 2 for marking
[2023-10-27T11:23:39.646+0000][3.945s] GC(6) Concurrent Mark From Roots 14.646ms
[2023-10-27T11:23:39.647+0000][3.946s] GC(6) Concurrent Preclean
[2023-10-27T11:23:39.647+0000][3.946s] GC(6) Concurrent Preclean 0.228ms
[2023-10-27T11:23:39.648+0000][3.947s] GC(6) Pause Remark
[2023-10-27T11:23:39.653+0000][3.952s] GC(6) Pause Remark 43M->43M(2048M) 5.157ms
[2023-10-27T11:23:39.653+0000][3.952s] GC(6) User=0.05s Sys=0.00s Real=0.01s
[2023-10-27T11:23:39.653+0000][3.952s] GC(6) Concurrent Mark 21.828ms
[2023-10-27T11:23:39.653+0000][3.952s] GC(6) Concurrent Rebuild Remembered Sets
[2023-10-27T11:23:39.660+0000][3.959s] GC(6) Concurrent Rebuild Remembered Sets 6.671ms
[2023-10-27T11:23:39.661+0000][3.960s] GC(6) Pause Cleanup
[2023-10-27T11:23:39.661+0000][3.960s] GC(6) Pause Cleanup 43M->43M(2048M) 0.426ms
[2023-10-27T11:23:39.661+0000][3.960s] GC(6) User=0.00s Sys=0.00s Real=0.00s
[2023-10-27T11:23:39.661+0000][3.960s] GC(6) Concurrent Cleanup for Next Mark
[2023-10-27T11:23:39.665+0000][3.964s] GC(6) Concurrent Cleanup for Next Mark 3.297ms
[2023-10-27T11:23:39.665+0000][3.965s] GC(6) Concurrent Mark Cycle 39.797ms
[2023-10-27T11:23:56.744+0000][21.043s] GC(7) Pause Young (Normal) (G1 Evacuation Pause)
[2023-10-27T11:23:56.744+0000][21.043s] GC(7) Using 8 workers of 8 for evacuation
[2023-10-27T11:23:56.753+0000][21.052s] GC(7)   Pre Evacuate Collection Set: 0.3ms
[2023-10-27T11:23:56.754+0000][21.053s] GC(7)   Merge Heap Roots: 0.1ms
[2023-10-27T11:23:56.754+0000][21.053s] GC(7)   Evacuate Collection Set: 7.7ms
[2023-10-27T11:23:56.754+0000][21.053s] GC(7)   Post Evacuate Collection Set: 1.2ms
[2023-10-27T11:23:56.755+0000][21.054s] GC(7)   Other: 0.5ms
[2023-10-27T11:23:56.755+0000][21.054s] GC(7) Eden regions: 242->0(414)
[2023-10-27T11:23:56.755+0000][21.054s] GC(7) Survivor regions: 16->23(33)
[2023-10-27T11:23:56.755+0000][21.054s] GC(7) Old regions: 21->21
[2023-10-27T11:23:56.756+0000][21.055s] GC(7) Archive regions: 2->2
[2023-10-27T11:23:56.756+0000][21.055s] GC(7) Humongous regions: 4->4
[2023-10-27T11:23:56.756+0000][21.055s] GC(7) Metaspace: 55088K(55552K)->55088K(55552K) NonClass: 48037K(48320K)->48037K(48320K) Class: 7050K(7232K)->7050K(7232K)
[2023-10-27T11:23:56.756+0000][21.055s] GC(7) Pause Young (Normal) (G1 Evacuation Pause) 283M->47M(2048M) 12.478ms
[2023-10-27T11:23:56.756+0000][21.055s] GC(7) User=0.06s Sys=0.00s Real=0.01s
[2023-10-27T11:24:05.815+0000][30.104s] GC(8) Pause Young (Normal) (G1 Evacuation Pause)
[2023-10-27T11:24:05.815+0000][30.104s] GC(8) Using 8 workers of 8 for evacuation
[2023-10-27T11:24:05.823+0000][30.113s] GC(8)   Pre Evacuate Collection Set: 0.2ms
[2023-10-27T11:24:05.823+0000][30.113s] GC(8)   Merge Heap Roots: 0.2ms
[2023-10-27T11:24:05.824+0000][30.113s] GC(8)   Evacuate Collection Set: 6.4ms
[2023-10-27T11:24:05.824+0000][30.113s] GC(8)   Post Evacuate Collection Set: 1.3ms
[2023-10-27T11:24:05.824+0000][30.113s] GC(8)   Other: 0.5ms
[2023-10-27T11:24:05.824+0000][30.114s] GC(8) Eden regions: 414->0(1204)
[2023-10-27T11:24:05.824+0000][30.114s] GC(8) Survivor regions: 23->24(55)
[2023-10-27T11:24:05.825+0000][30.114s] GC(8) Old regions: 21->21
[2023-10-27T11:24:05.825+0000][30.114s] GC(8) Archive regions: 2->2
[2023-10-27T11:24:05.825+0000][30.114s] GC(8) Humongous regions: 4->4
[2023-10-27T11:24:05.825+0000][30.115s] GC(8) Metaspace: 56332K(56832K)->56332K(56832K) NonClass: 49263K(49472K)->49263K(49472K) Class: 7069K(7360K)->7069K(7360K)
[2023-10-27T11:24:05.825+0000][30.115s] GC(8) Pause Young (Normal) (G1 Evacuation Pause) 461M->48M(2048M) 10.672ms
[2023-10-27T11:24:05.825+0000][30.115s] GC(8) User=0.06s Sys=0.00s Real=0.01s
